// Vitest Snapshot v1, https://vitest.dev/guide/snapshot.html

exports[`CartView > maches 1`] = `
"<section class="max-w-screen-2xl mx-auto px-6 py-6 flex flex-col gap-4" data-test="cart-view">
  <h1 class="text-2xl text-center font-bold px-4 pt-4 pb-2 w-full border-b">Your Bag</h1>
  <div class="text-sm text-center">Your bag is empty</div>
  <div class="p-4 flex items-center justify-between">
    <div class="font-bold">Subtotal:</div>
    <div data-test="total-price">0â‚¬</div>
  </div>
</section>"
`;
