// Vitest Snapshot v1, https://vitest.dev/guide/snapshot.html

exports[`NotFoundPage > matches snapshot 1`] = `
"<section class="flex flex-col gap-4 items-center justify-center h-screen fixed top-1/2 left-1/2 transform -translate-x-1/2 -translate-y-1/2"><svg xmlns="http://www.w3.org/2000/svg" fill="none" viewBox="0 0 24 24" stroke-width="2" stroke="currentColor" class="size-52">
    <path stroke-linecap="round" stroke-linejoin="round" d="M12 9v3.75m9-.75a9 9 0 1 1-18 0 9 9 0 0 1 18 0Zm-9 3.75h.008v.008H12v-.008Z"></path>
  </svg>
  <h1 class="text-3xl font-bold">Oops! Page not found...</h1><button class="p-4 bg-active text-lg rounded text-alttext">Go Home</button>
</section>"
`;
